2025-11-05T13:14:34.740Z [2m[36m(pid=3159181) [0mWorker0:candidate_count/total_count=20/261:   7%|▋         | 17.0/250 [07:04<1:28:03, 22.7s/it]                                                                                                             [36m(load_data pid=3159372)[0m Traceback (most recent call last):
2025-11-05T13:14:34.740Z [2m[36m(pid=3159181) [0mWorker0:candidate_count/total_count=20/261:   7%|▋         | 17.0/250 [07:04<1:28:03, 22.7s/it]                                                                                                             [36m(load_data pid=3159372)[0m   File "data_mining.py", line 153, in load_data
2025-11-05T13:14:34.740Z [2m[36m(pid=3159181) [0mWorker0:candidate_count/total_count=20/261:   7%|▋         | 17.0/250 [07:04<1:28:03, 22.7s/it]                                                                                                             [36m(load_data pid=3159372)[0m     data_dict = dataset.dataset_mapper(record, cur_clip_slices, cur_image_dict, sub_row)
2025-11-05T13:14:34.741Z [2m[36m(pid=3159181) [0mWorker0:candidate_count/total_count=20/261:   7%|▋         | 17.0/250 [07:04<1:28:03, 22.7s/it]                                                                                                             [36m(load_data pid=3159372)[0m                 ^^^^^^^^^^^^^^^^^^^^^^^^^^^^^^^^^^^^^^^^^^^^^^^^^^^^^^^^^^^^^^^^^^^^^^^^
2025-11-05T13:14:34.741Z [2m[36m(pid=3159181) [0mWorker0:candidate_count/total_count=20/261:   7%|▋         | 17.0/250 [07:04<1:28:03, 22.7s/it]                                                                                                             [36m(load_data pid=3159372)[0m   File "video_dataset.py", line 319, in dataset_mapper
2025-11-05T13:14:34.741Z [2m[36m(pid=3159181) [0mWorker0:candidate_count/total_count=20/261:   7%|▋         | 17.0/250 [07:04<1:28:03, 22.7s/it]                                                                                                             [36m(load_data pid=3159372)[0m   File "trajectory_processor.py", line 571, in __call__
2025-11-05T13:14:34.741Z [2m[36m(pid=3159181) [0mWorker0:candidate_count/total_count=20/261:   7%|▋         | 17.0/250 [07:04<1:28:03, 22.7s/it]                                                                                                             [36m(load_data pid=3159372)[0m     self._transform_poses_to_key_frame(data_dict, mode, self.traj_xy_only)
2025-11-05T13:14:34.741Z [2m[36m(pid=3159181) [0mWorker0:candidate_count/total_count=20/261:   7%|▋         | 17.0/250 [07:04<1:28:03, 22.7s/it]                                                                                                             [36m(load_data pid=3159372)[0m   File "trajectory_processor.py", line 403, in _transform_poses_to_key_frame
2025-11-05T13:14:34.741Z [2m[36m(pid=3159181) [0mWorker0:candidate_count/total_count=20/261:   7%|▋         | 17.0/250 [07:04<1:28:03, 22.7s/it]                                                                                                             [36m(load_data pid=3159372)[0m     raise ValueError("smooth_ego_traj result invalid, ignore.")
2025-11-05T13:14:34.741Z [2m[36m(pid=3159181) [0mWorker0:candidate_count/total_count=20/261:   7%|▋         | 17.0/250 [07:04<1:28:03, 22.7s/it]                                                                                                             [36m(load_data pid=3159372)[0m ValueError: smooth_ego_traj result invalid, ignore.
2025-11-05T13:14:46.436Z [2m[36m(pid=3159181) [0mWorker0:candidate_count/total_count=20/261:   7%|▋         | 17.0/250 [07:04<1:28:03, 22.7s/it]                                                                                                             [2m[36m(pid=3159181) [0mWorker0:candidate_count/total_count=20/261:   7%|▋         | 17.0/250 [07:07<1:28:03, 22.7s/it]                                                                                                             [2m[36m(pid=3159181) [0mWorker0:candidate_count/total_count=20/261:   7%|▋         | 17.0/250 [07:07<1:28:03, 22.7s/it]                                                                                                             [36m(load_data pid=3159372)[0m ERROR:__main__:Error processing record c-a059215e-59c8-3bb3-877d-0a2492fe9b47 at index 19
